2026-07-23 09:27:00 INFO     websocket       Got authorized WebSocket URL
2026-07-23 09:27:00 INFO     websocket       WebSocket connected
2026-07-23 09:27:00 INFO     websocket       Subscribed to 4 instruments: ['BSE_FO|835470', 'BSE_FO|835601', 'BSE_FO|835542', 'BSE_FO|835520']
2026-07-23 11:42:58 WARNING  websocket       WebSocket closed by server, reconnecting
2026-07-23 11:42:58 INFO     websocket       Reconnection attempt 1/5 in 2s...
2026-07-23 11:43:00 ERROR    websocket       WebSocket connection failed: Cannot connect to host api.upstox.com:443 ssl:default [getaddrinfo failed]
2026-07-23 11:43:00 ERROR    websocket       Reconnection attempt 1 failed: Cannot connect to host api.upstox.com:443 ssl:default [getaddrinfo failed]
2026-07-23 11:43:00 INFO     websocket       Reconnection attempt 2/5 in 4s...
2026-07-23 11:43:04 ERROR    websocket       WebSocket connection failed: Cannot connect to host api.upstox.com:443 ssl:default [getaddrinfo failed]
2026-07-23 11:43:04 ERROR    websocket       Reconnection attempt 2 failed: Cannot connect to host api.upstox.com:443 ssl:default [getaddrinfo failed]
2026-07-23 11:43:04 INFO     websocket       Reconnection attempt 3/5 in 6s...
2026-07-23 11:43:31 ERROR    websocket       WebSocket connection failed: Cannot connect to host api.upstox.com:443 ssl:default [The network location cannot be reached. For information about network troubleshooting, see Windows Help]
2026-07-23 11:43:31 ERROR    websocket       Reconnection attempt 3 failed: Cannot connect to host api.upstox.com:443 ssl:default [The network location cannot be reached. For information about network troubleshooting, see Windows Help]
2026-07-23 11:43:31 INFO     websocket       Reconnection attempt 4/5 in 8s...
2026-07-23 11:44:12 ERROR    websocket       WebSocket connection failed: Cannot connect to host api.upstox.com:443 ssl:default [The network connection was aborted by the local system]
2026-07-23 11:44:12 ERROR    websocket       Reconnection attempt 4 failed: Cannot connect to host api.upstox.com:443 ssl:default [The network connection was aborted by the local system]
2026-07-23 11:44:12 INFO     websocket       Reconnection attempt 5/5 in 10s...
2026-07-23 11:44:23 INFO     websocket       Got authorized WebSocket URL
2026-07-23 11:44:23 INFO     websocket       WebSocket connected
2026-07-23 11:44:23 INFO     websocket       Subscribed to 4 instruments: ['BSE_FO|835520', 'BSE_FO|835470', 'BSE_FO|835601', 'BSE_FO|835542']
2026-07-23 11:44:23 INFO     websocket       Reconnection succeeded on attempt 5
2026-07-23 11:44:36 INFO     websocket       WebSocket disconnected
2026-07-23 11:46:12 INFO     websocket       Got authorized WebSocket URL
2026-07-23 11:46:13 INFO     websocket       WebSocket connected
2026-07-23 11:46:13 INFO     websocket       Subscribed to 4 instruments: ['BSE_FO|835470', 'BSE_FO|835601', 'BSE_FO|835542', 'BSE_FO|835520']
2026-07-23 12:46:38 WARNING  websocket       WebSocket closed by server, reconnecting
2026-07-23 12:46:38 INFO     websocket       Reconnection attempt 1/5 in 2s...
2026-07-23 12:47:23 ERROR    websocket       WebSocket connection failed: Cannot connect to host api.upstox.com:443 ssl:default [The semaphore timeout period has expired]
2026-07-23 12:47:23 ERROR    websocket       Reconnection attempt 1 failed: Cannot connect to host api.upstox.com:443 ssl:default [The semaphore timeout period has expired]
2026-07-23 12:47:23 INFO     websocket       Reconnection attempt 2/5 in 4s...
2026-07-23 12:48:07 ERROR    websocket       WebSocket connection failed: Cannot connect to host api.upstox.com:443 ssl:default [The semaphore timeout period has expired]
2026-07-23 12:48:07 ERROR    websocket       Reconnection attempt 2 failed: Cannot connect to host api.upstox.com:443 ssl:default [The semaphore timeout period has expired]
2026-07-23 12:48:07 INFO     websocket       Reconnection attempt 3/5 in 6s...
2026-07-23 12:48:51 ERROR    websocket       WebSocket connection failed: Cannot connect to host api.upstox.com:443 ssl:default [The semaphore timeout period has expired]
2026-07-23 12:48:51 ERROR    websocket       Reconnection attempt 3 failed: Cannot connect to host api.upstox.com:443 ssl:default [The semaphore timeout period has expired]
2026-07-23 12:48:51 INFO     websocket       Reconnection attempt 4/5 in 8s...
2026-07-23 12:49:38 ERROR    websocket       WebSocket connection failed: Cannot connect to host api.upstox.com:443 ssl:default [The semaphore timeout period has expired]
2026-07-23 12:49:38 ERROR    websocket       Reconnection attempt 4 failed: Cannot connect to host api.upstox.com:443 ssl:default [The semaphore timeout period has expired]
2026-07-23 12:49:38 INFO     websocket       Reconnection attempt 5/5 in 10s...
2026-07-23 12:50:27 ERROR    websocket       WebSocket connection failed: Cannot connect to host api.upstox.com:443 ssl:default [The semaphore timeout period has expired]
2026-07-23 12:50:27 ERROR    websocket       Reconnection attempt 5 failed: Cannot connect to host api.upstox.com:443 ssl:default [The semaphore timeout period has expired]
2026-07-23 12:50:27 ERROR    websocket       Reconnection failed after 5 attempts — giving up
2026-07-23 13:21:12 INFO     websocket       WebSocket disconnected
2026-07-23 13:21:19 INFO     websocket       Got authorized WebSocket URL
2026-07-23 13:21:19 INFO     websocket       WebSocket connected
2026-07-23 13:21:19 INFO     websocket       Subscribed to 4 instruments: ['BSE_FO|835470', 'BSE_FO|835601', 'BSE_FO|835542', 'BSE_FO|835520']
2026-07-23 13:50:07 WARNING  websocket       Heartbeat timeout, reconnecting
2026-07-23 13:50:07 INFO     websocket       Reconnection attempt 1/5 in 2s...
2026-07-23 13:50:10 INFO     websocket       Got authorized WebSocket URL
2026-07-23 13:50:10 INFO     websocket       WebSocket connected
2026-07-23 13:50:10 INFO     websocket       Subscribed to 4 instruments: ['BSE_FO|835520', 'BSE_FO|835601', 'BSE_FO|835542', 'BSE_FO|835470']
2026-07-23 13:50:10 INFO     websocket       Reconnection succeeded on attempt 1
2026-07-23 13:50:35 INFO     websocket       WebSocket disconnected
2026-07-23 13:50:38 INFO     websocket       Got authorized WebSocket URL
2026-07-23 13:50:39 INFO     websocket       WebSocket connected
2026-07-23 13:50:39 INFO     websocket       Subscribed to 4 instruments: ['BSE_FO|835470', 'BSE_FO|835601', 'BSE_FO|835542', 'BSE_FO|835520']
2026-07-23 15:27:00 INFO     websocket       WebSocket disconnected
