2026-07-07 03:40:53 INFO     orders          Paper broker connected (simulated)
2026-07-07 03:40:53 INFO     orders          Paper broker disconnected
2026-07-07 03:41:05 INFO     orders          Paper broker connected (simulated)
2026-07-07 03:41:05 INFO     orders          Paper broker disconnected
2026-07-07 03:48:35 INFO     orders          Paper broker connected (simulated)
2026-07-07 03:49:22 INFO     orders          Paper broker connected (simulated)
2026-07-07 03:51:01 INFO     orders          Paper broker connected (simulated)
2026-07-07 03:51:22 INFO     orders          Paper broker disconnected
2026-07-07 03:51:28 INFO     orders          Paper broker connected (simulated)
2026-07-07 04:19:24 INFO     orders          Paper broker disconnected
2026-07-07 04:19:29 INFO     orders          Paper broker connected (simulated)
2026-07-07 04:56:29 INFO     orders          Paper broker disconnected
2026-07-07 04:56:31 INFO     orders          Paper broker connected (simulated)
2026-07-07 04:56:33 INFO     orders          Paper broker disconnected
2026-07-07 04:56:43 INFO     orders          Paper broker connected (simulated)
2026-07-07 05:11:14 INFO     orders          Paper broker disconnected
2026-07-07 05:11:17 INFO     orders          Paper broker connected (simulated)
2026-07-07 05:16:23 INFO     orders          Paper broker disconnected
2026-07-07 05:17:09 INFO     orders          Paper broker connected (simulated)
2026-07-07 09:27:00 INFO     orders          Paper broker disconnected
2026-07-07 09:41:40 INFO     orders          Paper broker connected (simulated)
2026-07-07 09:41:41 INFO     orders          Paper broker disconnected
2026-07-07 10:30:42 INFO     orders          Paper broker connected (simulated)
2026-07-07 10:30:43 INFO     orders          Paper broker disconnected
2026-07-07 10:35:05 INFO     orders          Paper broker connected (simulated)
2026-07-07 10:35:05 INFO     orders          Paper broker disconnected
2026-07-07 10:35:17 INFO     orders          Paper broker connected (simulated)
2026-07-07 10:35:17 INFO     orders          FILLED BUY 1 NIFTY24500.0CE CE @ 27.05
2026-07-07 10:35:17 INFO     orders          FILLED BUY 1 NIFTY24500.0PE PE @ 49.10
2026-07-07 10:35:17 INFO     orders          FILLED SELL 3 NIFTY24600.0CE CE @ 4.95
2026-07-07 10:35:17 INFO     orders          FILLED SELL 3 NIFTY24400.0PE PE @ 14.15
2026-07-07 14:58:41 INFO     orders          Paper broker disconnected
2026-07-07 14:58:45 INFO     orders          Paper broker connected (simulated)
2026-07-07 15:27:00 INFO     orders          Paper broker disconnected
