2026-08-04 09:27:01 INFO     websocket       Got authorized WebSocket URL
2026-08-04 09:27:02 INFO     websocket       WebSocket connected
2026-08-04 09:27:02 INFO     websocket       Subscribed to 4 instruments: ['NSE_FO|65871', 'NSE_FO|65872', 'NSE_FO|65883', 'NSE_FO|65861']
2026-08-04 15:27:00 INFO     websocket       WebSocket disconnected
2026-08-04 17:37:58 INFO     websocket       WebSocket disconnected
2026-08-04 17:37:58 INFO     websocket       WebSocket disconnected
2026-08-04 17:37:59 INFO     websocket       Reconnection attempt 1/5 in 2s...
2026-08-04 17:37:59 INFO     websocket       Reconnection succeeded on attempt 1
2026-08-04 17:37:59 INFO     websocket       Reconnection attempt 1/5 in 2s...
2026-08-04 17:37:59 ERROR    websocket       Reconnection attempt 1 failed: Connection failed attempt 1
2026-08-04 17:37:59 INFO     websocket       Reconnection attempt 2/5 in 4s...
2026-08-04 17:37:59 ERROR    websocket       Reconnection attempt 2 failed: Connection failed attempt 2
2026-08-04 17:37:59 INFO     websocket       Reconnection attempt 3/5 in 6s...
2026-08-04 17:37:59 ERROR    websocket       Reconnection attempt 3 failed: Connection failed attempt 3
2026-08-04 17:37:59 INFO     websocket       Reconnection attempt 4/5 in 8s...
2026-08-04 17:37:59 ERROR    websocket       Reconnection attempt 4 failed: Connection failed attempt 4
2026-08-04 17:37:59 INFO     websocket       Reconnection attempt 5/5 in 10s...
2026-08-04 17:37:59 ERROR    websocket       Reconnection attempt 5 failed: Connection failed attempt 5
2026-08-04 17:37:59 INFO     websocket       Reconnection attempt 6 (indefinite mode) in 15s...
2026-08-04 17:37:59 ERROR    websocket       Reconnection attempt 6 failed: Connection failed attempt 6
2026-08-04 17:37:59 INFO     websocket       Reconnection attempt 7 (indefinite mode) in 15s...
2026-08-04 17:37:59 INFO     websocket       Reconnection succeeded on attempt 7
2026-08-04 17:37:59 INFO     websocket       Reconnection attempt 1/5 in 2s...
