2026-08-25 09:27:00 INFO     websocket       Got authorized WebSocket URL
2026-08-25 09:27:00 INFO     websocket       WebSocket connected
2026-08-25 09:27:00 INFO     websocket       Subscribed to 4 instruments: ['NSE_FO|61647', 'NSE_FO|61670', 'NSE_FO|61685', 'NSE_FO|61622']
2026-08-25 14:22:08 WARNING  websocket       WebSocket closed by server, reconnecting
2026-08-25 14:22:08 INFO     websocket       Reconnection attempt 1/5 in 2s...
2026-08-25 14:22:22 ERROR    websocket       WebSocket connection failed: Cannot connect to host api.upstox.com:443 ssl:default [getaddrinfo failed]
2026-08-25 14:22:22 ERROR    websocket       Reconnection attempt 1 failed: Cannot connect to host api.upstox.com:443 ssl:default [getaddrinfo failed]
2026-08-25 14:22:22 INFO     websocket       Reconnection attempt 2/5 in 4s...
2026-08-25 14:22:26 INFO     websocket       Got authorized WebSocket URL
2026-08-25 14:22:28 INFO     websocket       WebSocket connected
2026-08-25 14:22:28 INFO     websocket       Subscribed to 4 instruments: ['NSE_FO|61622', 'NSE_FO|61647', 'NSE_FO|61670', 'NSE_FO|61685']
2026-08-25 14:22:28 INFO     websocket       Reconnection succeeded on attempt 2
2026-08-25 14:22:35 WARNING  websocket       WebSocket closed by server, reconnecting
2026-08-25 14:22:35 INFO     websocket       Reconnection attempt 1/5 in 2s...
2026-08-25 14:22:49 ERROR    websocket       WebSocket connection failed: Cannot connect to host api.upstox.com:443 ssl:default [getaddrinfo failed]
2026-08-25 14:22:49 ERROR    websocket       Reconnection attempt 1 failed: Cannot connect to host api.upstox.com:443 ssl:default [getaddrinfo failed]
2026-08-25 14:22:49 INFO     websocket       Reconnection attempt 2/5 in 4s...
2026-08-25 14:22:53 INFO     websocket       Got authorized WebSocket URL
2026-08-25 14:22:53 INFO     websocket       WebSocket connected
2026-08-25 14:22:53 INFO     websocket       Subscribed to 4 instruments: ['NSE_FO|61622', 'NSE_FO|61647', 'NSE_FO|61670', 'NSE_FO|61685']
2026-08-25 14:22:53 INFO     websocket       Reconnection succeeded on attempt 2
2026-08-25 15:27:10 INFO     websocket       WebSocket disconnected
